../Core/Src/main.c:183:6:task1	8	static
../Core/Src/main.c:335:6:task2	8	static
../Core/Src/main.c:468:6:task3	8	static
../Core/Src/main.c:529:5:main	8	static
../Core/Src/main.c:587:6:SystemClock_Config	96	static
../Core/Src/main.c:636:6:PeriphCommonClock_Config	144	static
../Core/Src/main.c:662:13:MX_ADC1_Init	48	static
../Core/Src/main.c:729:13:MX_ADC2_Init	32	static
../Core/Src/main.c:787:13:MX_TIM1_Init	40	static
../Core/Src/main.c:843:13:MX_TIM2_Init	48	static
../Core/Src/main.c:904:13:MX_TIM3_Init	56	static
../Core/Src/main.c:953:13:MX_TIM4_Init	56	static
../Core/Src/main.c:1002:13:MX_USART2_UART_Init	8	static
../Core/Src/main.c:1037:13:MX_GPIO_Init	24	static
../Core/Src/main.c:1061:6:HAL_TIM_IC_CaptureCallback	16	static
../Core/Src/main.c:1087:6:Error_Handler	4	static,ignoring_inline_asm
