../Core/Src/main.c:81:5:check_delta	16	static
../Core/Src/main.c:108:5:main	48	static
../Core/Src/main.c:212:6:SystemClock_Config	88	static
../Core/Src/main.c:258:13:MX_TIM1_Init	32	static
../Core/Src/main.c:325:13:MX_TIM2_Init	64	static
../Core/Src/main.c:388:13:MX_TIM3_Init	64	static
../Core/Src/main.c:451:13:MX_USART2_UART_Init	8	static
../Core/Src/main.c:484:13:MX_GPIO_Init	16	static
../Core/Src/main.c:504:6:HAL_TIM_IC_CaptureCallback	16	static
../Core/Src/main.c:539:6:Error_Handler	4	static,ignoring_inline_asm
