../Core/Src/main.c:177:6:task1	8	static
../Core/Src/main.c:258:6:task2	8	static
../Core/Src/main.c:338:6:task3	8	static
../Core/Src/main.c:394:5:main	8	static
../Core/Src/main.c:483:6:SystemClock_Config	96	static
../Core/Src/main.c:531:6:PeriphCommonClock_Config	144	static
../Core/Src/main.c:557:13:MX_ADC1_Init	48	static
../Core/Src/main.c:624:13:MX_ADC2_Init	32	static
../Core/Src/main.c:682:13:MX_ADC3_Init	32	static
../Core/Src/main.c:740:13:MX_TIM1_Init	72	static
../Core/Src/main.c:810:13:MX_TIM2_Init	48	static
../Core/Src/main.c:863:13:MX_TIM4_Init	56	static
../Core/Src/main.c:912:13:MX_UART4_Init	8	static
../Core/Src/main.c:947:13:MX_GPIO_Init	48	static
../Core/Src/main.c:1000:6:HAL_TIM_IC_CaptureCallback	16	static
../Core/Src/main.c:1035:6:Error_Handler	4	static,ignoring_inline_asm
