../Core/Src/main.c:133:5:main	8	static
../Core/Src/main.c:189:6:SystemClock_Config	96	static
../Core/Src/main.c:239:13:MX_ADC1_Init	48	static
../Core/Src/main.c:306:13:MX_TIM1_Init	56	static
../Core/Src/main.c:357:13:MX_TIM2_Init	48	static
../Core/Src/main.c:410:13:MX_TIM3_Init	40	static
../Core/Src/main.c:463:13:MX_TIM4_Init	56	static
../Core/Src/main.c:512:13:MX_UART4_Init	8	static
../Core/Src/main.c:547:13:MX_GPIO_Init	40	static
../Core/Src/main.c:600:6:Error_Handler	4	static,ignoring_inline_asm
