../Core/Src/main.c:153:6:task1	8	static
../Core/Src/main.c:289:6:task2	8	static
../Core/Src/main.c:403:6:task3	8	static
../Core/Src/main.c:464:5:main	8	static
../Core/Src/main.c:544:6:SystemClock_Config	96	static
../Core/Src/main.c:593:6:PeriphCommonClock_Config	144	static
../Core/Src/main.c:619:13:MX_ADC1_Init	48	static
../Core/Src/main.c:686:13:MX_ADC2_Init	32	static
../Core/Src/main.c:744:13:MX_TIM1_Init	40	static
../Core/Src/main.c:800:13:MX_TIM2_Init	48	static
../Core/Src/main.c:861:13:MX_TIM3_Init	56	static
../Core/Src/main.c:910:13:MX_TIM4_Init	56	static
../Core/Src/main.c:959:13:MX_USART2_UART_Init	8	static
../Core/Src/main.c:994:13:MX_GPIO_Init	24	static
../Core/Src/main.c:1016:6:HAL_TIM_IC_CaptureCallback	16	static
../Core/Src/main.c:1043:6:Error_Handler	4	static,ignoring_inline_asm
