../Core/Src/main.c:161:6:task1	8
../Core/Src/main.c:242:6:task2	8
../Core/Src/main.c:322:6:task3	5
../Core/Src/main.c:376:5:main	1
../Core/Src/main.c:440:6:SystemClock_Config	4
../Core/Src/main.c:489:6:PeriphCommonClock_Config	2
../Core/Src/main.c:515:13:MX_ADC1_Init	4
../Core/Src/main.c:582:13:MX_ADC2_Init	3
../Core/Src/main.c:640:13:MX_TIM1_Init	6
../Core/Src/main.c:709:13:MX_TIM2_Init	7
../Core/Src/main.c:770:13:MX_TIM4_Init	3
../Core/Src/main.c:819:13:MX_USART2_UART_Init	2
../Core/Src/main.c:854:13:MX_GPIO_Init	1
../Core/Src/main.c:875:6:HAL_TIM_IC_CaptureCallback	2
../Core/Src/main.c:912:6:Error_Handler	1
