../Core/Src/main.c:161:6:task1	8	static
../Core/Src/main.c:242:6:task2	8	static
../Core/Src/main.c:322:6:task3	8	static
../Core/Src/main.c:376:5:main	8	static
../Core/Src/main.c:440:6:SystemClock_Config	96	static
../Core/Src/main.c:489:6:PeriphCommonClock_Config	144	static
../Core/Src/main.c:515:13:MX_ADC1_Init	48	static
../Core/Src/main.c:582:13:MX_ADC2_Init	32	static
../Core/Src/main.c:640:13:MX_TIM1_Init	72	static
../Core/Src/main.c:709:13:MX_TIM2_Init	48	static
../Core/Src/main.c:770:13:MX_TIM4_Init	56	static
../Core/Src/main.c:819:13:MX_USART2_UART_Init	8	static
../Core/Src/main.c:854:13:MX_GPIO_Init	24	static
../Core/Src/main.c:875:6:HAL_TIM_IC_CaptureCallback	16	static
../Core/Src/main.c:912:6:Error_Handler	4	static,ignoring_inline_asm
