../Core/Src/main.c:161:6:task1	8	static
../Core/Src/main.c:242:6:task2	8	static
../Core/Src/main.c:322:6:task3	8	static
../Core/Src/main.c:376:5:main	8	static
../Core/Src/main.c:440:6:SystemClock_Config	96	static
../Core/Src/main.c:490:6:PeriphCommonClock_Config	144	static
../Core/Src/main.c:516:13:MX_ADC1_Init	48	static
../Core/Src/main.c:583:13:MX_ADC2_Init	32	static
../Core/Src/main.c:641:13:MX_TIM1_Init	72	static
../Core/Src/main.c:710:13:MX_TIM2_Init	48	static
../Core/Src/main.c:771:13:MX_TIM4_Init	56	static
../Core/Src/main.c:820:13:MX_USART2_UART_Init	8	static
../Core/Src/main.c:855:13:MX_GPIO_Init	40	static
../Core/Src/main.c:907:6:HAL_TIM_IC_CaptureCallback	16	static
../Core/Src/main.c:944:6:Error_Handler	4	static,ignoring_inline_asm
