../Core/Src/main.c:87:6:task1	16	static
../Core/Src/main.c:169:6:task2	40	static
../Core/Src/main.c:399:5:main	8	static
../Core/Src/main.c:454:6:SystemClock_Config	96	static
../Core/Src/main.c:505:13:MX_TIM2_Init	64	static
../Core/Src/main.c:568:13:MX_TIM3_Init	64	static
../Core/Src/main.c:631:13:MX_USART2_UART_Init	8	static
../Core/Src/main.c:666:13:MX_GPIO_Init	40	static
../Core/Src/main.c:688:6:HAL_UART_RxCpltCallback	16	static
../Core/Src/main.c:698:6:Error_Handler	4	static,ignoring_inline_asm
